#
#
#
#
0:do_armoire
#
#
#
#
#
